// Jest Snapshot v1, https://goo.gl/fbAQLP

exports[`matches snapshot 1`] = `
<DocumentFragment>
  <div
    class="app-header"
  >
    <div
      class="menu-app-container"
    >
      <button
        class="sc-jwIPbr dGNeqb"
      >
        Open menu
      </button>
      <div
        class="sc-cHqXqK cZelcw"
      >
        <div
          style="position: relative;"
        >
          <button
            class="sc-blHHSb ehJyKx"
          >
            About me
          </button>
        </div>
        <div
          class="read-more"
          style="position: relative;"
        >
          <button
            class="sc-khLCKb hwAZin"
          >
            Read more
          </button>
        </div>
        <div
          class="other-container"
          style="position: relative;"
        >
          <button
            class="sc-dntaoT emonbk"
          >
            Other Issues
          </button>
        </div>
      </div>
    </div>
    <h1
      data-testid="app-header"
    >
      Beyond Border
    </h1>
  </div>
</DocumentFragment>
`;
